pass
variable 5 function 10 statement 48
pass
variable 2 function 2 statement 21
pass
variable 2 function 1 statement 6
error
pass
variable 2 function 1 statement 3
pass
variable 5 function 3 statement 17
pass
variable 12 function 2 statement 31
pass
variable 1 function 8 statement 10
pass
variable 1 function 5 statement 7
pass
variable 4 function 2 statement 15
pass
variable 2 function 1 statement 6
pass
variable 8 function 6 statement 34
pass
variable 2 function 2 statement 6
pass
variable 1 function 2 statement 5
error
pass
variable 2 function 3 statement 6
pass
variable 2 function 2 statement 6
pass
variable 1 function 2 statement 5
pass
variable 4 function 1 statement 47
pass
variable 2 function 2 statement 6
pass
variable 24 function 2 statement 56
error
pass
variable 2 function 3 statement 4
pass
variable 1 function 2 statement 3
